// Vitest Snapshot v1, https://vitest.dev/guide/snapshot.html

exports[`Slot > get slot content > html 1`] = `
<div
  id="app"
>
  <div>
    <div
      class="A"
    >
      <div
        class="title"
      >
        title
        <!--Fragment-->
        <!--Fragment-->
        <!--Fragment-->
      </div>
      <span>
        -
      </span>
      <div
        class="content"
      >
        content
        <!--Fragment-->
        <!--Fragment-->
        <!--Fragment-->
      </div>
      <span>
        1
      </span>
      <span>
        2
      </span>
      <span>
        3
      </span>
      <!--Fragment-->
    </div>
  </div>
</div>
`;
