// Vitest Snapshot v1, https://vitest.dev/guide/snapshot.html

exports[`fragment context tree > static value > ctx tree 1`] = `
{
  "children": [
    {
      "children": [
        {
          "children": [],
          "name": "A",
        },
      ],
      "name": "Fragment",
    },
  ],
  "name": "Root",
}
`;

exports[`fragment context tree > static value > html 1`] = `
<div
  id="app"
>
  1
  <div
    class="A"
  >
    <span>
      a
    </span>
  </div>
  2
  <!--fragment-->
</div>
`;
