// Vitest Snapshot v1, https://vitest.dev/guide/snapshot.html

exports[`map context tree > reactive value > ctx tree 1`] = `
{
  "children": [
    {
      "children": [
        {
          "children": [
            {
              "children": [
                {
                  "children": [],
                  "name": "B",
                },
              ],
              "name": "VMap.item",
            },
            {
              "children": [
                {
                  "children": [],
                  "name": "B",
                },
              ],
              "name": "VMap.item",
            },
            {
              "children": [
                {
                  "children": [],
                  "name": "B",
                },
              ],
              "name": "VMap.item",
            },
            {
              "children": [
                {
                  "children": [],
                  "name": "B",
                },
              ],
              "name": "VMap.item",
            },
          ],
          "name": "VMap",
        },
      ],
      "name": "A",
    },
  ],
  "name": "App",
}
`;

exports[`map context tree > reactive value > html 1`] = `
<div
  id="app"
>
  <div
    class="A"
  >
    <span>
      a
    </span>
    <div
      class="B"
    >
      <span>
        b
      </span>
      2
      <!--Fragment-->
    </div>
    <div
      class="B"
    >
      <span>
        b
      </span>
      1
      <!--Fragment-->
    </div>
    <div
      class="B"
    >
      <span>
        b
      </span>
      4
      <!--Fragment-->
    </div>
    <div
      class="B"
    >
      <span>
        b
      </span>
      3
      <!--Fragment-->
    </div>
    <!--map-->
    <!--Fragment-->
  </div>
</div>
`;

exports[`map context tree > static value > ctx tree 1`] = `
{
  "children": [
    {
      "children": [
        {
          "children": [
            {
              "children": [
                {
                  "children": [],
                  "name": "B",
                },
              ],
              "name": "VMap.item",
            },
            {
              "children": [
                {
                  "children": [],
                  "name": "B",
                },
              ],
              "name": "VMap.item",
            },
            {
              "children": [
                {
                  "children": [],
                  "name": "B",
                },
              ],
              "name": "VMap.item",
            },
          ],
          "name": "VMap",
        },
      ],
      "name": "A",
    },
  ],
  "name": "App",
}
`;

exports[`map context tree > static value > html 1`] = `
<div
  id="app"
>
  <div
    class="A"
  >
    <span>
      a
    </span>
    <div
      class="B"
    >
      <span>
        b
      </span>
      1
      <!--Fragment-->
    </div>
    <div
      class="B"
    >
      <span>
        b
      </span>
      2
      <!--Fragment-->
    </div>
    <div
      class="B"
    >
      <span>
        b
      </span>
      3
      <!--Fragment-->
    </div>
    <!--map-->
    <!--Fragment-->
  </div>
</div>
`;
